Info    2025-09-23 01:01:10:149  DevID:MV-CS016-10UC(DA4873239)  Source-Line:libMvCameraControl.so(U3VDevice.cpp-L0116)  ProcessName:calibration(11466)     Description:[Init][U3V Info]Speed[0x320], DeviceAddress[0], VendorName[Hikrobot], ManufacturerInfo[Hikrobot], DeviceVersion[V2.2.0 240702 1311877], UserID[]
Info    2025-09-23 01:01:10:149  DevID:MV-CS016-10UC(DA4873239)  Source-Line:libMvCameraControl.so(MediaProcess.cpp-L0882)  ProcessName:calibration(11466)     Description:[SetBayerCvtQuality]Set Bayer CvtQuality success! BayerCvtQuality[1]
Info    2025-09-23 01:01:10:149  DevID:MV-CS016-10UC(DA4873239)  Source-Line:libMvCameraControl.so(MediaProcess.cpp-L1734)  ProcessName:calibration(11466)     Description:[SetBayerThreadNum]Set Bayer Thread Num success! BayerThreadNum[2]
Info    2025-09-23 01:01:10:149  DevID:MV-CS016-10UC(DA4873239)  Source-Line:libMvCameraControl.so(MediaProcess.cpp-L0882)  ProcessName:calibration(11466)     Description:[SetBayerCvtQuality]Set Bayer CvtQuality success! BayerCvtQuality[1]
Info    2025-09-23 01:01:10:149  DevID:MV-CS016-10UC(DA4873239)  Source-Line:libMvCameraControl.so(MediaProcess.cpp-L1734)  ProcessName:calibration(11466)     Description:[SetBayerThreadNum]Set Bayer Thread Num success! BayerThreadNum[2]
Info    2025-09-23 01:01:10:149  DevID:MV-CS016-10UC(DA4873239)  Source-Line:libMvCameraControl.so(U3VDevice.cpp-L0667)  ProcessName:calibration(11466)     Description:[IsValidVersion]CamCtrl[0x4050003], U3V SDKVersion[0x4050003], DriverVersion[0x0]
Info    2025-09-23 01:01:09:939  DevID:MV-CS016-10UC(DA4873239)  Source-Line:libMvCameraControl.so(U3VDevice.cpp-L0636)  ProcessName:calibration(11466)     Description:[GetGenICamXML]Get XML success!
Info    2025-09-23 01:01:09:939  DevID:MV-CS016-10UC(DA4873239)  Source-Line:libMvCameraControl.so(U3VDevice.cpp-L0873)  ProcessName:calibration(11466)     Description:[OpenDevice]Get GenICamXML len [0xca897] Type[1]
Info    2025-09-23 01:01:09:992  DevID:MV-CS016-10UC(DA4873239)  Source-Line:libMvCameraControl.so(U3VDevice.cpp-L1091)  ProcessName:calibration(11466)     Description:[SetTransferSize]Set Transfer Size success! TransferSize[1048576]
Info    2025-09-23 01:01:09:992  DevID:MV-CS016-10UC(DA4873239)  Source-Line:libMvCameraControl.so(U3VDevice.cpp-L1147)  ProcessName:calibration(11466)     Description:[SetStreamPayloadTimeout]Set StreamPayload Timeout success! StreamPayloadTimeout[50]
Info    2025-09-23 01:01:09:992  DevID:MV-CS016-10UC(DA4873239)  Source-Line:libMvCameraControl.so(U3VDevice.cpp-L1175)  ProcessName:calibration(11466)     Description:[SetSIControlRegTimeout]Set nSIControlReg Timeout success! nSIControlRegTimeout[30]
Info    2025-09-23 01:01:09:992  DevID:MV-CS016-10UC(DA4873239)  Source-Line:libMvCameraControl.so(U3VDevice.cpp-L1203)  ProcessName:calibration(11466)     Description:[SetSyncTimeout]Set sync Timeout success! nSyncTimeout[1000]
Info    2025-09-23 01:01:09:995  DevID:MV-CS016-10UC(DA4873239)  Source-Line:libMvCameraControl.so(GenICamImpl.cpp-L0679)  ProcessName:calibration(11466)     Description:[InvalidateNodes]Invalidate Nodes success
Info    2025-09-23 01:01:09:995  DevID:MV-CS016-10UC(DA4873239)  Source-Line:libMvCameraControl.so(U3VDevice.cpp-L0913)  ProcessName:calibration(11466)     Description:[OpenDevice]Invalidate Nodes success
Info    2025-09-23 01:01:09:997  DevID:MV-CS016-10UC(DA4873239)  Source-Line:libMvCameraControl.so(U3VDevice.cpp-L0925)  ProcessName:calibration(11466)     Description:[OpenDevice]Open device success! PrivilegeMode[1], SwitchoverKey[0], DeviceUptime[414],DeviceFirmwareVersion[V2.2.0 2407021311877 24053001]
Info    2025-09-23 01:01:09:997  DevID:MV-CS016-10UC(DA4873239)  Source-Line:libMvCameraControl.so(MediaProcess.cpp-L0882)  ProcessName:calibration(11466)     Description:[SetBayerCvtQuality]Set Bayer CvtQuality success! BayerCvtQuality[1]
Info    2025-09-23 01:01:09:997  DevID:MV-CS016-10UC(DA4873239)  Source-Line:libMvCameraControl.so(MediaProcess.cpp-L1734)  ProcessName:calibration(11466)     Description:[SetBayerThreadNum]Set Bayer Thread Num success! BayerThreadNum[2]
Info    2025-09-23 01:01:09:997  DevID:MV-CS016-10UC(DA4873239)  Source-Line:libMvCameraControl.so(U3VDevice.cpp-L0938)  ProcessName:calibration(11466)     Description:[OpenDevice]OpenDevice, cost time -152.000000ms 
Info    2025-09-23 01:01:09:997  DevID:  Source-Line:libMvCameraControl.so(GenICamImpl.cpp-L2091)  ProcessName:calibration(11466)     Description:[RecordThread]RecordThread Start, ThreadId[1097844288]
Info    2025-09-23 01:01:10:006  DevID:MV-CS016-10UC(DA4873239)  Source-Line:libMvCameraControl.so(GenICamImpl.cpp-L2116)  ProcessName:calibration(11466)     Description:[RecordThreadProc][Record] Get BlackLevel value [240]
Info    2025-09-23 01:01:10:039  DevID:MV-CS016-10UC(DA4873239)  Source-Line:libMvCameraControl.so(GenICamImpl.cpp-L2133)  ProcessName:calibration(11466)     Description:[RecordThreadProc][Record] Get BalanceWhiteAuto Value [1] (0:off 1:contineu; 2:once):
Error   2025-09-23 01:01:10:041  DevID:MV-CS016-10UC(DA4873239)  Source-Line:libMvCameraControl.so(GenICamImpl.cpp-L0900)  ProcessName:calibration(11466)     Description:[XML_GetNodeAccessMode]PropertyName[PartialImageOutputMode], Ret[0x80000100]
Error   2025-09-23 01:01:10:041  DevID:MV-CS016-10UC(DA4873239)  Source-Line:libMvCameraControl.so(XmlParse.cpp-L2388)  ProcessName:calibration(11466)     Description:[GetEnumValue]Get Node Value, Node does not exist, NodeName[PartialImageOutputMode]
Error   2025-09-23 01:01:10:041  DevID:MV-CS016-10UC(DA4873239)  Source-Line:libMvCameraControl.so(GenICamImpl.cpp-L0297)  ProcessName:calibration(11466)     Description:[GetEnumValue]Property[PartialImageOutputMode], Ret[0x80000100]
Info    2025-09-23 01:01:10:041  DevID:MV-CS016-10UC(DA4873239)  Source-Line:libMvCameraControl.so(U3VStream.cpp-L0047)  ProcessName:calibration(11466)     Description:[StartGrabbing][U3V]Start Grabbing, DeviceUptime[414]
Info    2025-09-23 01:01:10:058  DevID:MV-CS016-10UC(DA4873239)  Source-Line:libMvCameraControl.so(GenICamImpl.cpp-L2188)  ProcessName:calibration(11466)     Description:[RecordThreadProc][Record] Get ExposureAuto value [0]
Info    2025-09-23 01:01:10:069  DevID:MV-CS016-10UC(DA4873239)  Source-Line:libMvCameraControl.so(StreamGrab.cpp-L0437)  ProcessName:calibration(11466)     Description:[StartGrabbing]Start grabbing success, There is no registration callback.
Info    2025-09-23 01:01:10:073  DevID:MV-CS016-10UC(DA4873239)  Source-Line:libMvCameraControl.so(GenICamImpl.cpp-L2205)  ProcessName:calibration(11466)     Description:[RecordThreadProc][Record] Get ExposureTime value [2000.000000] 
Info    2025-09-23 01:01:10:536  DevID:MV-CS016-10UC(DA4873239)  Source-Line:libMvCameraControl.so(GenICamImpl.cpp-L2221)  ProcessName:calibration(11466)     Description:[RecordThreadProc][Record] Get GainAuto value [0] (0:off 1:contineu; 2:once):
Info    2025-09-23 01:01:11:496  DevID:MV-CS016-10UC(DA4873239)  Source-Line:libMvCameraControl.so(GenICamImpl.cpp-L2237)  ProcessName:calibration(11466)     Description:[RecordThreadProc][Record] Get Gain value [0.000000] 
Info    2025-09-23 01:01:11:496  DevID:MV-CS016-10UC(DA4873239)  Source-Line:libMvCameraControl.so(GenICamImpl.cpp-L2253)  ProcessName:calibration(11466)     Description:[RecordThreadProc][Record] Get PixelFormat value [17301513] :
Info    2025-09-23 01:01:13:097  DevID:MV-CS016-10UC(DA4873239)  Source-Line:libMvCameraControl.so(GenICamImpl.cpp-L2302)  ProcessName:calibration(11466)     Description:[RecordThreadProc][Record] Get UserSetCurrent value [0]
Info    2025-09-23 01:01:13:762  DevID:MV-CS016-10UC(DA4873239)  Source-Line:libMvCameraControl.so(GenICamImpl.cpp-L2318)  ProcessName:calibration(11466)     Description:[RecordThreadProc][Record] Get UserSetSelector value [0] 
Info    2025-09-23 01:01:14:098  DevID:MV-CS016-10UC(DA4873239)  Source-Line:libMvCameraControl.so(GenICamImpl.cpp-L2334)  ProcessName:calibration(11466)     Description:[RecordThreadProc][Record] Get UserSetDefault value[0]
Info    2025-09-23 01:01:14:098  DevID:  Source-Line:libMvCameraControl.so(GenICamImpl.cpp-L2096)  ProcessName:calibration(11466)     Description:[RecordThread]RecordThread End, ThreadId[1097844288]
Info    2025-09-23 01:02:00:626  DevID:MV-CS016-10UC(DA4873239)  Source-Line:libMvCameraControl.so(U3VDevice.cpp-L0116)  ProcessName:calibration(11581)     Description:[Init][U3V Info]Speed[0x320], DeviceAddress[0], VendorName[Hikrobot], ManufacturerInfo[Hikrobot], DeviceVersion[V2.2.0 240702 1311877], UserID[]
Info    2025-09-23 01:02:00:626  DevID:MV-CS016-10UC(DA4873239)  Source-Line:libMvCameraControl.so(MediaProcess.cpp-L0882)  ProcessName:calibration(11581)     Description:[SetBayerCvtQuality]Set Bayer CvtQuality success! BayerCvtQuality[1]
Info    2025-09-23 01:02:00:626  DevID:MV-CS016-10UC(DA4873239)  Source-Line:libMvCameraControl.so(MediaProcess.cpp-L1734)  ProcessName:calibration(11581)     Description:[SetBayerThreadNum]Set Bayer Thread Num success! BayerThreadNum[2]
Info    2025-09-23 01:02:00:626  DevID:MV-CS016-10UC(DA4873239)  Source-Line:libMvCameraControl.so(MediaProcess.cpp-L0882)  ProcessName:calibration(11581)     Description:[SetBayerCvtQuality]Set Bayer CvtQuality success! BayerCvtQuality[1]
Info    2025-09-23 01:02:00:626  DevID:MV-CS016-10UC(DA4873239)  Source-Line:libMvCameraControl.so(MediaProcess.cpp-L1734)  ProcessName:calibration(11581)     Description:[SetBayerThreadNum]Set Bayer Thread Num success! BayerThreadNum[2]
Info    2025-09-23 01:02:00:626  DevID:MV-CS016-10UC(DA4873239)  Source-Line:libMvCameraControl.so(U3VDevice.cpp-L0667)  ProcessName:calibration(11581)     Description:[IsValidVersion]CamCtrl[0x4050003], U3V SDKVersion[0x4050003], DriverVersion[0x0]
Info    2025-09-23 01:02:02:450  DevID:MV-CS016-10UC(DA4873239)  Source-Line:libMvCameraControl.so(U3VDevice.cpp-L0636)  ProcessName:calibration(11581)     Description:[GetGenICamXML]Get XML success!
Info    2025-09-23 01:02:02:450  DevID:MV-CS016-10UC(DA4873239)  Source-Line:libMvCameraControl.so(U3VDevice.cpp-L0873)  ProcessName:calibration(11581)     Description:[OpenDevice]Get GenICamXML len [0xca897] Type[1]
Info    2025-09-23 01:02:02:504  DevID:MV-CS016-10UC(DA4873239)  Source-Line:libMvCameraControl.so(U3VDevice.cpp-L1091)  ProcessName:calibration(11581)     Description:[SetTransferSize]Set Transfer Size success! TransferSize[1048576]
Info    2025-09-23 01:02:02:504  DevID:MV-CS016-10UC(DA4873239)  Source-Line:libMvCameraControl.so(U3VDevice.cpp-L1147)  ProcessName:calibration(11581)     Description:[SetStreamPayloadTimeout]Set StreamPayload Timeout success! StreamPayloadTimeout[50]
Info    2025-09-23 01:02:02:504  DevID:MV-CS016-10UC(DA4873239)  Source-Line:libMvCameraControl.so(U3VDevice.cpp-L1175)  ProcessName:calibration(11581)     Description:[SetSIControlRegTimeout]Set nSIControlReg Timeout success! nSIControlRegTimeout[30]
Info    2025-09-23 01:02:02:504  DevID:MV-CS016-10UC(DA4873239)  Source-Line:libMvCameraControl.so(U3VDevice.cpp-L1203)  ProcessName:calibration(11581)     Description:[SetSyncTimeout]Set sync Timeout success! nSyncTimeout[1000]
Info    2025-09-23 01:02:02:509  DevID:MV-CS016-10UC(DA4873239)  Source-Line:libMvCameraControl.so(GenICamImpl.cpp-L0679)  ProcessName:calibration(11581)     Description:[InvalidateNodes]Invalidate Nodes success
Info    2025-09-23 01:02:02:509  DevID:MV-CS016-10UC(DA4873239)  Source-Line:libMvCameraControl.so(U3VDevice.cpp-L0913)  ProcessName:calibration(11581)     Description:[OpenDevice]Invalidate Nodes success
Info    2025-09-23 01:02:02:510  DevID:MV-CS016-10UC(DA4873239)  Source-Line:libMvCameraControl.so(U3VDevice.cpp-L0925)  ProcessName:calibration(11581)     Description:[OpenDevice]Open device success! PrivilegeMode[1], SwitchoverKey[0], DeviceUptime[465],DeviceFirmwareVersion[V2.2.0 2407021311877 24053001]
Info    2025-09-23 01:02:02:511  DevID:MV-CS016-10UC(DA4873239)  Source-Line:libMvCameraControl.so(MediaProcess.cpp-L0882)  ProcessName:calibration(11581)     Description:[SetBayerCvtQuality]Set Bayer CvtQuality success! BayerCvtQuality[1]
Info    2025-09-23 01:02:02:511  DevID:MV-CS016-10UC(DA4873239)  Source-Line:libMvCameraControl.so(MediaProcess.cpp-L1734)  ProcessName:calibration(11581)     Description:[SetBayerThreadNum]Set Bayer Thread Num success! BayerThreadNum[2]
Info    2025-09-23 01:02:02:511  DevID:MV-CS016-10UC(DA4873239)  Source-Line:libMvCameraControl.so(U3VDevice.cpp-L0938)  ProcessName:calibration(11581)     Description:[OpenDevice]OpenDevice, cost time 1885.000000ms 
Info    2025-09-23 01:02:02:511  DevID:  Source-Line:libMvCameraControl.so(GenICamImpl.cpp-L2091)  ProcessName:calibration(11581)     Description:[RecordThread]RecordThread Start, ThreadId[-2110798272]
Info    2025-09-23 01:02:02:521  DevID:MV-CS016-10UC(DA4873239)  Source-Line:libMvCameraControl.so(GenICamImpl.cpp-L2116)  ProcessName:calibration(11581)     Description:[RecordThreadProc][Record] Get BlackLevel value [240]
Info    2025-09-23 01:02:02:528  DevID:MV-CS016-10UC(DA4873239)  Source-Line:libMvCameraControl.so(GenICamImpl.cpp-L2133)  ProcessName:calibration(11581)     Description:[RecordThreadProc][Record] Get BalanceWhiteAuto Value [1] (0:off 1:contineu; 2:once):
Info    2025-09-23 01:02:02:534  DevID:MV-CS016-10UC(DA4873239)  Source-Line:libMvCameraControl.so(GenICamImpl.cpp-L2188)  ProcessName:calibration(11581)     Description:[RecordThreadProc][Record] Get ExposureAuto value [0]
Error   2025-09-23 01:02:02:560  DevID:MV-CS016-10UC(DA4873239)  Source-Line:libMvCameraControl.so(GenICamImpl.cpp-L0900)  ProcessName:calibration(11581)     Description:[XML_GetNodeAccessMode]PropertyName[PartialImageOutputMode], Ret[0x80000100]
Error   2025-09-23 01:02:02:560  DevID:MV-CS016-10UC(DA4873239)  Source-Line:libMvCameraControl.so(XmlParse.cpp-L2388)  ProcessName:calibration(11581)     Description:[GetEnumValue]Get Node Value, Node does not exist, NodeName[PartialImageOutputMode]
Error   2025-09-23 01:02:02:560  DevID:MV-CS016-10UC(DA4873239)  Source-Line:libMvCameraControl.so(GenICamImpl.cpp-L0297)  ProcessName:calibration(11581)     Description:[GetEnumValue]Property[PartialImageOutputMode], Ret[0x80000100]
Info    2025-09-23 01:02:02:560  DevID:MV-CS016-10UC(DA4873239)  Source-Line:libMvCameraControl.so(U3VStream.cpp-L0047)  ProcessName:calibration(11581)     Description:[StartGrabbing][U3V]Start Grabbing, DeviceUptime[465]
Info    2025-09-23 01:02:02:577  DevID:MV-CS016-10UC(DA4873239)  Source-Line:libMvCameraControl.so(GenICamImpl.cpp-L2205)  ProcessName:calibration(11581)     Description:[RecordThreadProc][Record] Get ExposureTime value [2000.000000] 
Info    2025-09-23 01:02:02:588  DevID:MV-CS016-10UC(DA4873239)  Source-Line:libMvCameraControl.so(StreamGrab.cpp-L0437)  ProcessName:calibration(11581)     Description:[StartGrabbing]Start grabbing success, There is no registration callback.
Info    2025-09-23 01:02:02:590  DevID:MV-CS016-10UC(DA4873239)  Source-Line:libMvCameraControl.so(GenICamImpl.cpp-L2221)  ProcessName:calibration(11581)     Description:[RecordThreadProc][Record] Get GainAuto value [0] (0:off 1:contineu; 2:once):
Info    2025-09-23 01:02:02:607  DevID:MV-CS016-10UC(DA4873239)  Source-Line:libMvCameraControl.so(GenICamImpl.cpp-L2237)  ProcessName:calibration(11581)     Description:[RecordThreadProc][Record] Get Gain value [16.011400] 
Info    2025-09-23 01:02:02:828  DevID:MV-CS016-10UC(DA4873239)  Source-Line:libMvCameraControl.so(GenICamImpl.cpp-L2253)  ProcessName:calibration(11581)     Description:[RecordThreadProc][Record] Get PixelFormat value [17301513] :
Info    2025-09-23 01:02:04:420  DevID:MV-CS016-10UC(DA4873239)  Source-Line:libMvCameraControl.so(GenICamImpl.cpp-L2302)  ProcessName:calibration(11581)     Description:[RecordThreadProc][Record] Get UserSetCurrent value [0]
Info    2025-09-23 01:02:05:072  DevID:MV-CS016-10UC(DA4873239)  Source-Line:libMvCameraControl.so(GenICamImpl.cpp-L2318)  ProcessName:calibration(11581)     Description:[RecordThreadProc][Record] Get UserSetSelector value [0] 
Info    2025-09-23 01:02:05:380  DevID:MV-CS016-10UC(DA4873239)  Source-Line:libMvCameraControl.so(GenICamImpl.cpp-L2334)  ProcessName:calibration(11581)     Description:[RecordThreadProc][Record] Get UserSetDefault value[0]
Info    2025-09-23 01:02:05:380  DevID:  Source-Line:libMvCameraControl.so(GenICamImpl.cpp-L2096)  ProcessName:calibration(11581)     Description:[RecordThread]RecordThread End, ThreadId[-2110798272]
